// Jest Snapshot v1, https://goo.gl/fbAQLP

exports[`Loading Introduction Component Unit Test Snap Shot Testing 1`] = `
<DocumentFragment>
  <div
    class="wrapper loading-introduction is-active "
    style="background-image: url(webps/shutter.webp);"
  >
    Loading
    <span
      class="dot is-first"
    >
      .
    </span>
    <span
      class="dot is-second"
    >
      .
    </span>
    <span
      class="dot is-third"
    >
      .
    </span>
  </div>
</DocumentFragment>
`;
