// Jest Snapshot v1, https://goo.gl/fbAQLP

exports[`Close Button Component Unit Test Snap Shot Testing 1`] = `
<DocumentFragment>
  <button
    class="wrapper close-button is-active"
  >
    <span
      class="close-letters-wrapper"
    >
      <span
        class="close-letter close-letter"
      >
        C
      </span>
      <span
        class="close-letter close-letter"
      >
        L
      </span>
      <span
        class="close-letter close-letter"
      >
        O
      </span>
      <span
        class="close-letter close-letter"
      >
        S
      </span>
      <span
        class="close-letter close-letter"
      >
        E
      </span>
    </span>
  </button>
</DocumentFragment>
`;
